
   FAIL  Tests\Feature\SystemComponentTest
  ظذ» can createظخ  3.09s  
  ظ£ô cannot exceظخ 0.17s  
  ظ£ô backward coظخ 0.59s  
  ظ¤ظ¤ظ¤ظ¤ظ¤ظ¤ظ¤ظ¤ظ¤ظ¤ظ¤ظ¤ظ¤ظ¤ظ¤ظ¤ظ¤ظ¤ظ¤ظ¤  
   FAILED  Tests\Feaظخ   
  Expected response status code [201] but received 500.
Failed asserting that 500 is identical to 201.

  at tests\Feature\SystemComponentTest.php:59
     55ظûـ             'install_type' => 'init',
     56ظûـ             'status' => 'working'
     57ظûـ         ]);
     58ظûـ 
  ظئ£  59ظûـ         $response->assertStatus(201);
     60ظûـ         $rootId = $response->json('component.id');
     61ظûـ         $this->assertDatabaseHas('system_devices', [
     62ظûـ             'id' => $rootId,
     63ظûـ             'name' => 'Compressor 1',


  Tests:    1 failed, 2 passed (7 assertions)
  Duration: 4.15s

